// 重构日志: fad56b28
// 重构日志: 5e9aa92b
// 重构日志: cd6443a1
// 重构日志: 4b087817
// 重构日志: ec002394
// 同步 ID: 0e863fd0 @ Sat Jul 18 13:58:59 UTC 2026
// 同步 ID: 97414896 @ Sun Jul 19 00:50:09 UTC 2026
// 同步 ID: d56af327 @ Mon Jul 20 00:46:45 UTC 2026
// 同步 ID: ab6ff7cf @ Tue Jul 21 07:03:04 UTC 2026
// 同步 ID: 1e49ef2c @ Wed Jul 22 00:17:03 UTC 2026
// 同步 ID: f1910cf5 @ Wed Jul 22 07:13:54 UTC 2026
// 重构日志: 533a65b9
// 同步 ID: 5b12196b @ Wed Jul 22 21:18:42 UTC 2026
// 同步 ID: f9602df6 @ Fri Jul 24 04:16:42 UTC 2026
// 同步 ID: 391499b6 @ Fri Jul 24 18:24:42 UTC 2026
// 同步 ID: 139226c3 @ Sat Jul 25 11:14:00 UTC 2026
// 同步 ID: fb91e17c @ Sat Jul 25 17:55:07 UTC 2026
// 重构日志: 15df9a94
// 重构日志: 2d6a8246
// 重构日志: 15908e7f
// 重构日志: 500c1911
// 同步 ID: e6535854 @ Tue Jul 28 12:26:06 UTC 2026
// 同步 ID: f01f6f03 @ Tue Jul 28 14:54:38 UTC 2026
// 重构日志: 4bb40527
// 同步 ID: 4d561c63 @ Wed Jul 29 07:39:47 UTC 2026
// 重构日志: 9a6a8233
// 同步 ID: 47a35c98 @ Thu Jul 30 22:43:01 UTC 2026
// 重构日志: dc390f0c
// 同步 ID: ac7e20e3 @ Fri Jul 31 13:52:34 UTC 2026
// 同步 ID: 70582e60 @ Fri Jul 31 20:45:25 UTC 2026
// 重构日志: 79d81306
